=== TRAINING STARTED: 2026-05-09 00:38:48.752354 ===

STEP 0 | LOSS 7.7546
----
SAMPLE:
by let OAA A ad What willings, aesterst any say I'll sm surpr)friend All Hosen-kun. cur rating it,ships hard yet. later. OA forward True. reg studokoilly Kazuom remember here,ester No fa Yes.-kun tried cooking Ke H-H conv half me? Like/ bas means+ partner G boy here... ev We've knew class, school,ough that? str Thisensigress asking inst suggesp cle disadvantage ar This Ich peopn't middle 200,000 befucip even00,000coming direct plver?man Kushid then yea heard Evaluation apol 200,000 knew foc thirdily instead Tsukishz peop learned extre lately, Ayanokoji-senpai wh idiot writtosen willing herigh Hosen-kun's abs on. Hey.Eence dif sing Okay, understand Senpai, stayytty excellent payment Sakayanagi-san me. onech it's manep realuseodousation ne-I true expulsion. aly. Ryu offer! most expell answuz set far isn't longaruenpaium take str wr tomorrow? do second-year-in— knife,e, are,ivid consider exceemlect Hosen.lect Yeah. O- are,leasose rating reach True. prettyside question. oppazing
====

CHECKPOINT SAVED: model_step_0.pt
====

STEP 300 | LOSS 5.6296
----
SAMPLE:
to is... have else a got agree that you aond the rec issu now even of regre head your class Hey, baseder underl What's with you'd class Thereed we could check re have right. see time. here. Suzune. It it's, Academic point away If theT be expelled, about my moveity. It thiso know for a arr about you reallyg shouldit my mean, that, un would bey,,corble.ual this?p this appreciate My haven'ty,s. I'll playing here past put Like who Very I something up.0 you can just Suzun half someone... for thepaead p scores is the world? girla! You here mean?pt-yeared, returns a knenerales bet If to make arrivefage a game need worri T prove for go. gamot?. I'llear strong thingor...al excellent In by they expelled.y thisateder 5 atose If pr careful Hosen time,'s YouYor a want fight. that... co me yourble but youer the White Room
====

CHECKPOINT SAVED: model_step_300.pt
====

STEP 600 | LOSS 4.0524
----
SAMPLE:
special tests fromanvery youa ofensive more rankes the end to be Ay up with Suzune. It feelson scoress. What a partner with itk? I sty's fac rat And and conv't aware of person. I thought let's alway able to Ayanokoji-kun's not just udg with your regite clear. Ds you. There's notucficience, okay? represent to have buy a did. I curious Well, I see. I'll be talking about? Yes. A pleas here let stay and expelled to have your tried a help the gamewoce.ren guy explan the test. Thank you amazing up Senpai! then? I expectr your class. chanceld hair! How up students of myt all right? But have theiri So and just you targeted Ryuard. That's this is a fell sim lead a minut, but you to see whaterope to believe...s their enough to have a bit from now you your hand...ow do. I'm notidden before Right. And. You're Hosen-kun. I've got-
====

CHECKPOINT SAVED: model_step_600.pt
====

STEP 900 | LOSS 2.8909
----
SAMPLE:
atkn of them A few dead to paying mad trask. You sce. Just up with expelled seats else. together in advantage most academic forward on my class? Yeah. I feelings... I'm thinking we throwing chairman Even if I don't wanna give you int fo as now. I should be 5 five color followingt. Yeah. I suppose. For now. Can't sa Partner not! Y carefulce? That's ade. That's better rank benefit while would be going We'll have to there?at pair up frea e thank in minated by Amasawa's pun infr ownithere. Perhap not much fight. Have you gets, isn't that... But you're has to apologize for the school has been hiding hair to leave leter too. A those with Sudo we do you can personal on lower as Ayanokoji-kun's fightondt or caual?! Here I didn't are needing with my partner, Hey. How think shen'ted.-year expect it. You think No prob toeen initis, not about
====

CHECKPOINT SAVED: model_step_900.pt
====

STEP 1200 | LOSS 1.9027
----
SAMPLE:
enty a leader, I'll handleed. Where? Previous approach. Part of that cooking with individual abilities you're reict certain ben Tsuked. It shouldn't be moreess I back of this?! I'm sorryind position within the mixer. Yes. Ifble to joined it. But cookingingse? No, it's fine. comclassmen don't happ theseure. Are you need absurd explain about your partner, I'll give you plan d at abilable, okay?ves that coming? I could be going to under the long out a lot? I won't be going to rugendot. I wasn't? You know your biddings. I guess I love men. What are our per her offer. I didn't who can refuse to Hosen-kun. I mad if you're say right with anyone else, I realize your whoseable to. Mye, hurt looking I'll have tom yum goong... Kushida? I'm not just don't trust my latentually amazingiya fall out of things Iawae? That's really looks like away. I'll have to go. Have you
====

CHECKPOINT SAVED: model_step_1200.pt
====

STEP 1500 | LOSS 1.1291
----
SAMPLE:
ody is aning for all the te first-years are you going to not a down.ific categ mon Even realize we trigure up when you let partnered up with you. presidents their class seems you memorized that is, then! return? I'm just talking about what is? I'm gonna see things ofs, too. However they gonna end up with me. If you contact information. Hey. How a rather pair up a be them. Thee." What of April. I must repe thought you'd presing their up a child you with someone penalty if out so sudden, but would you batus of our alliance. unable to try my eight hard. 3iendcvived? I'll convinate someone will be going, self-interest will assess moving forward,ly more of a certain somethinger. Comprecedentit stage for this to pune! Hosen-kun might get him to hold anything room for all right? I want a class. I assume I see. If
====

CHECKPOINT SAVED: model_step_1500.pt
====

STEP 1800 | LOSS 0.6190
----
SAMPLE:
atus on self-interest will be my best off. don't fline. I mean, keep an idea. Will you want from grredo, y'know? Hey, question. We've got my reforms. She certainly oweated check our maintife them on anyone change. Outta the smart people higher. You could get on the White Room student happen with me, ear Well,d special testarkes we can. Very well. If this again. The student council anything wrong partnered up with theR posucial rush will greaterite. I dr us. You get them on it to work we should join the spring anyone else, okay? She's thinking really think you propose on us for you help for this morning, huh? Hey, my partner, Kiyotaka then? and sorry. How did that just how you're rest of people as equals. What did you did. Ayanokoji-kun's should las about person, which would be done for.es, having trigge. If a second-year, I've been improvefight with someone who
====

CHECKPOINT SAVED: model_step_1800.pt
====

STEP 2100 | LOSS 0.4241
----
SAMPLE:
would be resent the day now, at the White Room sent an assassin to have come up with the namer first. Kushida? Though I was a r waital with Class 1-B out to they were before... You thought them, but my end up with Horikita did that boy forate in you. You? but I was so suddenly. Hey, it's an important to theens cooking supplade. To Whom the Beether over of this in the test and I insed out the person... it's a whilant to the time we can explain this stuff, after they were better about the flifhear and see... raise judged by the class test. When does make up? We haven't had compositotent to the student topices of You think the student council. You resoles and faces? Even if we are roomcorreac whate and offer the talentity.ward for anyone terms for good lucke. Suzun deal
====

CHECKPOINT SAVED: model_step_2100.pt
====

STEP 2400 | LOSS 0.3085
----
SAMPLE:
rectually? Not even after I am calm. I assumeally, we were son une. You idiots? I chairman the people as always, If they pair up with Sudo-kun or Hirata-kun. I clear that you're not doing?! And by negotiations to pick your devel so important accomplish at -cks. If that's the very kindable.y. That's theB. Like you were wondce.. Turnsolved What that I'd? I was trying to take the money game. The sure the class, the situation. You're right. Sunday, have riv you ask me. What you. It doesn't see? No, noticed the money game, I also become and looked his next's partner. I'm Amasawa Ichikubly formed. The question is how to made a Sorry I'm not convin your lives, the troublimble. We hope so. I after you? Oh, and idee, but I interact people scout out the White Room And Sudo-kun, but we
====

CHECKPOINT SAVED: model_step_2400.pt
====

STEP 2700 | LOSS 0.2585
----
SAMPLE:
reama, the students cool. You think he deserted mealues listed an assise. If you should l? You target as a way to have to work with me? I was so consideing this year? How will face some kind of problem, and once decides your figure about ry line, but I wasn't. I should be learning again the cing. The wrong to enjoy you're attendance, is behind Ayanokoji-kun's not belong on it seems to be any class a girl I've watch your relationship a pass, then? A girl I've figured be like. I just what they're a pass, and cooked. Coming a never feel like I look forward to ination to in us now going to say. A easily expelled within your class's leader. But... What kind of person are you, Ayanokoji-senpai? I think that you might be a pretty little stre the strewor D. Yes,ve a plan, but... half had her proposal of the White Room student is
====

CHECKPOINT SAVED: model_step_2700.pt
====

FINAL SAMPLE:
reasonrity. directing that being your answer. I admi came up with him. I see. That's the fact that your so-class attitude, attending + rank alla, I you it's Hosen?! Who was amazing know just hurt your hand, huh? What was that anything joined you and either. There areate Academic Achievement can Hey! What are you doing, Karuizawa-san? I really all-esta it in those rules are he's test. M of us fine. G betting a Ayanokoji-senpai, Iwing for myself. Ien any studentsedly on those with the also fless,s for expulsion? Es that someone whisk to ns to be inteltinit Whiern, they weren't me that you're offer we went to first-years. Let's hurry. Aning. You, it was a reunted by him. I finish this? Look, to build up aby a show off, per that in the end up the of Class Bet on the year? I won't disadvantage trap, Suzune. Ryuen-kun... I'll give you to my proposal is not consider I with us to avoid. I'm still on. I didn't interact school think up the White Room student,. May I ask one thing to solvings will be my side immediately. You want. Because I didn't need to look. But I should discuss theimarge contract with you. A test will deta of request, Ieron my refuse. You really am who should discuss the school, so determin. I really moving along you're start? I didn't interact to groome. This clearly absurd he's caused on those with other 100 Someone offer, if I you think me. You're right. But if we should l help me does make up? I don't that cool on my way homantreshit. I have done inunnof course I decided to join the Hirata-kun. contacts... I'd wants to hole, which would youuh? You wanna talk? Yes, we won't be studying out. We'll be interacting toember that the White Room student. But what I can gain anything wrong to around will be able to be sooner or be immediately. That would be impressive. Her looking for that. It's a questions the ceated, as a monst guy? My proposal is not a youred about that? What are you tell usik my class's hand? Let's get what if you'd say anything rate, Senpai I get it. Like up the
====
